[2025-11-03 23:22:29] 👁️ Starting live watcher...
[2025-11-03 23:22:29] 📡 Detected new traffic capture update.
[2025-11-03 23:22:29] 🧠 Extracting features from latest capture...
[2025-11-03 23:22:29] ❌ Feature extraction failed: Command '['python', 'extract_features_from_pycap.py']' returned non-zero exit status 1.
[2025-11-03 23:22:39] ⏳ No change in capture file.
[2025-11-03 23:22:49] ⏳ No change in capture file.
[2025-11-03 23:23:00] ⏳ No change in capture file.
[2025-11-03 23:23:10] ⏳ No change in capture file.
[2025-11-03 23:23:20] ⏳ No change in capture file.
[2025-11-03 23:23:30] ⏳ No change in capture file.
[2025-11-03 23:23:40] ⏳ No change in capture file.
[2025-11-03 23:23:50] ⏳ No change in capture file.
[2025-11-03 23:24:00] ⏳ No change in capture file.
[2025-11-03 23:24:10] ⏳ No change in capture file.
[2025-11-03 23:24:20] ⏳ No change in capture file.
[2025-11-03 23:24:30] ⏳ No change in capture file.
[2025-11-03 23:24:40] ⏳ No change in capture file.
[2025-11-03 23:24:50] ⏳ No change in capture file.
[2025-11-03 23:25:00] ⏳ No change in capture file.
[2025-11-03 23:25:04] 🛑 Watcher stopped by user.
[2025-11-05 17:41:14] 👁️ Starting live watcher...
[2025-11-05 17:41:14] 📡 Detected new traffic capture update.
[2025-11-05 17:41:14] 🧠 Extracting features from latest capture...
[2025-11-05 17:41:14] ❌ Feature extraction failed: Command '['python', 'extract_features_from_pycap.py']' returned non-zero exit status 1.
[2025-11-05 17:41:24] ⏳ No change in capture file.
[2025-11-05 17:41:34] ⏳ No change in capture file.
[2025-11-05 17:41:44] ⏳ No change in capture file.
[2025-11-05 17:41:54] ⏳ No change in capture file.
[2025-11-05 17:42:05] ⏳ No change in capture file.
[2025-11-05 17:42:15] ⏳ No change in capture file.
[2025-11-05 17:42:25] ⏳ No change in capture file.
[2025-11-05 17:42:35] ⏳ No change in capture file.
[2025-11-05 17:42:45] ⏳ No change in capture file.
[2025-11-05 17:42:55] ⏳ No change in capture file.
[2025-11-05 17:43:05] ⏳ No change in capture file.
[2025-11-05 17:43:15] ⏳ No change in capture file.
[2025-11-05 17:43:25] ⏳ No change in capture file.
[2025-11-05 17:43:35] ⏳ No change in capture file.
[2025-11-05 17:43:45] ⏳ No change in capture file.
[2025-11-05 17:43:55] ⏳ No change in capture file.
[2025-11-05 17:44:05] ⏳ No change in capture file.
[2025-11-05 17:44:15] ⏳ No change in capture file.
[2025-11-05 17:44:25] ⏳ No change in capture file.
[2025-11-05 17:44:35] ⏳ No change in capture file.
[2025-11-05 17:44:45] ⏳ No change in capture file.
[2025-11-05 17:44:56] ⏳ No change in capture file.
[2025-11-05 17:45:06] ⏳ No change in capture file.
[2025-11-05 17:45:16] ⏳ No change in capture file.
[2025-11-05 17:45:26] ⏳ No change in capture file.
[2025-11-05 17:45:36] ⏳ No change in capture file.
[2025-11-05 17:45:46] ⏳ No change in capture file.
[2025-11-05 17:45:56] ⏳ No change in capture file.
[2025-11-05 17:46:06] ⏳ No change in capture file.
[2025-11-05 17:46:16] ⏳ No change in capture file.
[2025-11-05 17:46:26] ⏳ No change in capture file.
[2025-11-05 17:46:36] ⏳ No change in capture file.
[2025-11-05 17:46:46] ⏳ No change in capture file.
[2025-11-05 17:46:56] ⏳ No change in capture file.
[2025-11-05 17:47:06] ⏳ No change in capture file.
[2025-11-05 17:47:16] ⏳ No change in capture file.
[2025-11-05 17:47:26] ⏳ No change in capture file.
[2025-11-05 17:47:36] ⏳ No change in capture file.
[2025-11-05 17:47:46] ⏳ No change in capture file.
[2025-11-05 17:47:56] ⏳ No change in capture file.
[2025-11-05 17:48:06] ⏳ No change in capture file.
[2025-11-05 17:48:16] ⏳ No change in capture file.
[2025-11-05 17:48:26] ⏳ No change in capture file.
[2025-11-05 17:48:36] ⏳ No change in capture file.
[2025-11-05 17:48:46] ⏳ No change in capture file.
[2025-11-05 17:48:56] ⏳ No change in capture file.
[2025-11-05 17:49:06] ⏳ No change in capture file.
[2025-11-05 17:49:16] ⏳ No change in capture file.
[2025-11-05 17:49:26] ⏳ No change in capture file.
[2025-11-05 17:49:36] ⏳ No change in capture file.
[2025-11-05 17:49:46] ⏳ No change in capture file.
[2025-11-05 17:49:56] ⏳ No change in capture file.
[2025-11-05 17:50:06] ⏳ No change in capture file.
[2025-11-05 17:50:16] ⏳ No change in capture file.
[2025-11-05 17:50:21] 🛑 Watcher stopped by user.
